------------------------------------------------------------
TimeQuest Timing Analyzer Summary
------------------------------------------------------------

Type  : Slow 1200mV 85C Model Setup 'CLOCL_50'
Slack : -3.109
TNS   : -74.647

Type  : Slow 1200mV 85C Model Setup 'ClkDividerN:inst2|clkOut'
Slack : -1.089
TNS   : -3.536

Type  : Slow 1200mV 85C Model Hold 'CLOCL_50'
Slack : 0.450
TNS   : 0.000

Type  : Slow 1200mV 85C Model Hold 'ClkDividerN:inst2|clkOut'
Slack : 0.511
TNS   : 0.000

Type  : Slow 1200mV 85C Model Minimum Pulse Width 'CLOCL_50'
Slack : -3.000
TNS   : -37.695

Type  : Slow 1200mV 85C Model Minimum Pulse Width 'KEY[0]'
Slack : -3.000
TNS   : -11.079

Type  : Slow 1200mV 85C Model Minimum Pulse Width 'ClkDividerN:inst2|clkOut'
Slack : -2.693
TNS   : -7.833

Type  : Slow 1200mV 0C Model Setup 'CLOCL_50'
Slack : -2.763
TNS   : -66.250

Type  : Slow 1200mV 0C Model Setup 'ClkDividerN:inst2|clkOut'
Slack : -0.898
TNS   : -2.742

Type  : Slow 1200mV 0C Model Hold 'CLOCL_50'
Slack : 0.406
TNS   : 0.000

Type  : Slow 1200mV 0C Model Hold 'ClkDividerN:inst2|clkOut'
Slack : 0.476
TNS   : 0.000

Type  : Slow 1200mV 0C Model Minimum Pulse Width 'CLOCL_50'
Slack : -3.000
TNS   : -37.695

Type  : Slow 1200mV 0C Model Minimum Pulse Width 'KEY[0]'
Slack : -3.000
TNS   : -10.947

Type  : Slow 1200mV 0C Model Minimum Pulse Width 'ClkDividerN:inst2|clkOut'
Slack : -2.649
TNS   : -7.789

Type  : Fast 1200mV 0C Model Setup 'CLOCL_50'
Slack : -0.947
TNS   : -21.265

Type  : Fast 1200mV 0C Model Setup 'ClkDividerN:inst2|clkOut'
Slack : -0.003
TNS   : -0.003

Type  : Fast 1200mV 0C Model Hold 'CLOCL_50'
Slack : 0.205
TNS   : 0.000

Type  : Fast 1200mV 0C Model Hold 'ClkDividerN:inst2|clkOut'
Slack : 0.219
TNS   : 0.000

Type  : Fast 1200mV 0C Model Minimum Pulse Width 'CLOCL_50'
Slack : -3.000
TNS   : -31.708

Type  : Fast 1200mV 0C Model Minimum Pulse Width 'KEY[0]'
Slack : -3.000
TNS   : -6.682

Type  : Fast 1200mV 0C Model Minimum Pulse Width 'ClkDividerN:inst2|clkOut'
Slack : -1.000
TNS   : -5.000

------------------------------------------------------------
